
==================================================
📊 简化消融实验结果汇总
==================================================
 Fold  Gene_C_Index  Fusion_C_Index
    0      0.645161        0.774194
    1      0.778626        0.857506
    2      0.875000        0.583333
    3      0.555556        0.740741
    4      0.731707        0.719512
==================================================

🎯 平均 C-Index:
   Gene Only: 0.7172
   Fusion:     0.7351

📈 Fusion 相对于 Gene Only: +2.49%

📁 结果: results/ablation/brca/final_comparison.csv
==================================================

==================================================
📊 简化消融实验结果汇总
==================================================
 Fold  Gene_C_Index  Fusion_C_Index
    0      0.645161        0.774194
    1      0.778626        0.857506
    2      0.875000        0.583333
    3      0.555556        0.740741
    4      0.731707        0.719512
==================================================

🎯 平均 C-Index:
   Gene Only: 0.7172
   Fusion:     0.7351

📈 Fusion 相对于 Gene Only: +2.49%

📁 结果: results/ablation/brca/final_comparison.csv
==================================================

==================================================
📊 简化消融实验结果汇总
==================================================
 Fold  Gene_C_Index  Fusion_C_Index
    0      0.645161        0.774194
    1      0.778626        0.857506
    2      0.875000        0.583333
    3      0.555556        0.740741
    4      0.731707        0.719512
==================================================

🎯 平均 C-Index:
   Gene Only: 0.7172
   Fusion:     0.7351

📈 Fusion 相对于 Gene Only: +2.49%

📁 结果: results/ablation/brca/final_comparison.csv
==================================================

==================================================
📊 简化消融实验结果汇总
==================================================
 Fold  Gene_C_Index  Fusion_C_Index
    0           NaN             NaN
    1           NaN             NaN
    2           NaN             NaN
    3           NaN             NaN
    4           NaN             NaN
==================================================

🎯 平均 C-Index:
   Gene Only: nan
   Fusion:     nan

📁 结果: results/ablation/brca/final_comparison.csv
==================================================

==================================================
📊 简化消融实验结果汇总
==================================================
 Fold  Gene_C_Index  Fusion_C_Index
    0      0.433735        0.825301
    1      0.206061        0.636364
    2      0.266667        0.653333
    3      0.442623        0.721311
    4      0.291667        0.841667
==================================================

🎯 平均 C-Index:
   Gene Only: 0.3282
   Fusion:     0.7356

📈 Fusion 相对于 Gene Only: +124.16%

📁 结果: results/ablation/brca/final_comparison.csv
==================================================

==================================================
📊 简化消融实验结果汇总
==================================================
 Fold  Gene_C_Index  Fusion_C_Index
    0      0.789157        0.692771
    1      0.836364        0.575758
    2      0.853333        0.866667
    3      0.844262        0.622951
    4      0.908333        0.508333
==================================================

🎯 平均 C-Index:
   Gene Only: 0.8463
   Fusion:     0.6533

📈 Fusion 相对于 Gene Only: -22.80%

📁 结果: results/ablation/brca/final_comparison.csv
==================================================
